2026-04-14 19:35:05 - app_logs.log - ERROR - rrrrt7tttttt: Ошибка: 401, {"title":"Unauthorized","type":"https://httpstatus.es/401","status":401,"detail":"Неверный логин или пароль"}
2026-04-14 19:35:50 - app_logs.log - INFO - rrrrt7tttttt: Данные успешно получены
2026-04-14 19:36:00 - app_logs.log - INFO - rrrrt7tttttt: Данные успешно получены
2026-04-14 19:37:48 - app_logs.log - INFO - rrrrt7tttttt: Данные успешно получены
2026-04-14 19:39:51 - app_logs.log - INFO - rrrrt7tttttt: Данные успешно получены
2026-04-14 19:40:19 - app_logs.log - INFO - rrrrt7tttttt: Данные успешно получены
2026-04-14 19:40:47 - app_logs.log - INFO - rrrrt7tttttt: Данные успешно получены
2026-04-14 19:42:35 - app_logs.log - INFO - rrrrt7tttttt: Данные успешно получены
2026-04-14 19:43:13 - app_logs.log - INFO - rrrrt7tttttt: Данные успешно получены
2026-04-14 19:43:36 - app_logs.log - INFO - rrrrt7tttttt: Данные успешно получены
2026-04-14 19:44:10 - app_logs.log - INFO - rrrrt7tttttt: Данные успешно получены
2026-04-14 19:44:20 - app_logs.log - INFO - rrrrt7tttttt: Данные успешно получены
2026-04-14 19:44:59 - app_logs.log - INFO - rrrrt7tttttt: Данные успешно получены
2026-04-14 19:46:55 - app_logs.log - INFO - rrrrt7tttttt: Данные успешно получены
2026-04-14 19:47:42 - app_logs.log - INFO - rrrrt7tttttt: Данные успешно получены
2026-04-14 19:48:12 - app_logs.log - INFO - rrrrt7tttttt: Данные успешно получены
2026-04-14 19:52:26 - app_logs.log - INFO - rrrrt7tttttt: Данные успешно получены
2026-04-14 19:52:57 - app_logs.log - INFO - rrrrt7tttttt: Данные успешно получены
2026-04-14 19:54:18 - app_logs.log - INFO - rrrrt7tttttt: Данные успешно получены
2026-04-14 19:55:42 - app_logs.log - ERROR - rrrrt7tttttt: Ошибка: 401, {"title":"Unauthorized","type":"https://httpstatus.es/401","status":401,"detail":"Неверный логин или пароль"}
2026-04-14 19:55:52 - app_logs.log - ERROR - rrrrt7tttttt: Ошибка: 401, {"title":"Unauthorized","type":"https://httpstatus.es/401","status":401,"detail":"Неверный логин или пароль"}
2026-04-14 19:56:21 - app_logs.log - INFO - rrrrt7tttttt: Данные успешно получены
2026-04-14 19:59:10 - app_logs.log - INFO - rrrrt7tttttt: Данные успешно получены
2026-04-14 19:59:18 - app_logs.log - INFO - rrrrt7tttttt: Данные успешно получены
2026-04-14 20:03:03 - app_logs.log - INFO - rrrrt7tttttt: Данные успешно получены
2026-04-14 20:03:04 - app_logs.log - INFO - rrrrt7tttttt: Данные успешно получены
2026-04-14 20:03:44 - app_logs.log - INFO - rrrrt7tttttt: Данные успешно получены
2026-04-14 20:03:48 - app_logs.log - INFO - rrrrt7tttttt: Данные успешно получены
2026-04-14 20:03:54 - app_logs.log - INFO - rrrrt7tttttt: Данные успешно получены
2026-04-14 20:03:58 - app_logs.log - INFO - rrrrt7tttttt: Данные успешно получены
2026-04-14 20:04:31 - app_logs.log - INFO - rrrrt7tttttt: Данные успешно получены
2026-04-14 20:04:35 - app_logs.log - INFO - rrrrt7tttttt: Данные успешно получены
2026-04-14 20:06:29 - app_logs.log - INFO - rrrrt7tttttt: Данные успешно получены
2026-04-14 20:10:10 - app_logs.log - INFO - rrrrt7tttttt: Данные успешно получены
2026-04-14 20:10:15 - app_logs.log - INFO - rrrrt7tttttt: Данные успешно получены
2026-04-14 20:10:40 - app_logs.log - INFO - rrrrt7tttttt: Данные успешно получены
2026-04-14 20:13:14 - app_logs.log - INFO - rrrrt7tttttt: Данные успешно получены
2026-04-14 20:15:36 - app_logs.log - INFO - rrrrt7tttttt: Данные успешно получены
2026-04-14 20:15:48 - app_logs.log - INFO - rrrrt7tttttt: Данные успешно получены
2026-04-14 20:17:01 - app_logs.log - INFO - rrrrt7tttttt: Данные успешно получены
2026-04-14 20:17:13 - app_logs.log - INFO - rrrrt7tttttt: Данные успешно получены
2026-04-14 22:55:14 - app_logs.log - ERROR - rrrrt7tttttt: Ошибка: 401, {"title":"Unauthorized","type":"https://httpstatus.es/401","status":401,"detail":"Неверный логин или пароль"}
2026-04-15 16:52:43 - app_logs.log - ERROR - rrrrt7tttttt: Ошибка: 401, {"title":"Unauthorized","type":"https://httpstatus.es/401","status":401,"detail":"Неверный логин или пароль"}
2026-04-15 21:02:08 - app_logs.log - INFO - rrrrt7tttttt: Данные успешно получены
2026-04-15 21:20:51 - app_logs.log - INFO - rrrrt7tttttt: Данные успешно получены
2026-04-15 21:20:53 - app_logs.log - INFO - rrrrt7tttttt: Данные успешно получены
2026-04-15 21:21:10 - app_logs.log - INFO - rrrrt7tttttt: Данные успешно получены
2026-04-15 21:21:16 - app_logs.log - ERROR - rrrrt7tttttt: Ошибка: 400, {"errors":{"key":"type","value":"123"},"title":"Bad Request","type":"https://httpstatus.es/400","status":400,"detail":"Invalid params passed to filter."}
2026-04-15 21:23:49 - app_logs.log - ERROR - rrrrt7tttttt: Ошибка: 400, {"errors":{"key":"type","value":"123"},"title":"Bad Request","type":"https://httpstatus.es/400","status":400,"detail":"Invalid params passed to filter."}
2026-04-15 21:24:58 - app_logs.log - ERROR - rrrrt7tttttt: Ошибка: 400, {"errors":{"key":"type","value":"123"},"title":"Bad Request","type":"https://httpstatus.es/400","status":400,"detail":"Invalid params passed to filter."}
2026-04-15 21:25:04 - app_logs.log - INFO - rrrrt7tttttt: Данные успешно получены
2026-04-15 21:25:08 - app_logs.log - ERROR - rrrrt7tttttt: Ошибка: 400, {"errors":{"key":"type","value":"1"},"title":"Bad Request","type":"https://httpstatus.es/400","status":400,"detail":"Invalid params passed to filter."}
2026-04-15 21:26:06 - app_logs.log - ERROR - rrrrt7tttttt: Ошибка: 400, {"errors":{"key":"type","value":"1"},"title":"Bad Request","type":"https://httpstatus.es/400","status":400,"detail":"Invalid params passed to filter."}
2026-04-15 21:26:39 - app_logs.log - ERROR - rrrrt7tttttt: Ошибка: 400, {"errors":{"key":"type","value":"1"},"title":"Bad Request","type":"https://httpstatus.es/400","status":400,"detail":"Invalid params passed to filter."}
2026-04-15 21:26:53 - app_logs.log - ERROR - rrrrt7tttttt: Ошибка: 401, {"title":"Unauthorized","type":"https://httpstatus.es/401","status":401,"detail":"Неверный логин или пароль"}
2026-04-15 21:28:27 - app_logs.log - ERROR - rrrrt7tttttt: Ошибка: 401, {"title":"Unauthorized","type":"https://httpstatus.es/401","status":401,"detail":"Неверный логин или пароль"}
2026-04-15 21:28:28 - app_logs.log - ERROR - rrrrt7tttttt: Ошибка: 401, {"title":"Unauthorized","type":"https://httpstatus.es/401","status":401,"detail":"Неверный логин или пароль"}
2026-04-15 21:28:33 - app_logs.log - ERROR - None: Ошибка: 402, None
2026-04-15 21:28:45 - app_logs.log - ERROR - None: Ошибка: 402, None
2026-04-15 21:29:33 - app_logs.log - INFO - rrrrt7tttttt: Данные успешно получены
2026-04-15 21:29:36 - app_logs.log - ERROR - rrrrt7tttttt: Ошибка: 400, {"errors":{"key":"type","value":"123"},"title":"Bad Request","type":"https://httpstatus.es/400","status":400,"detail":"Invalid params passed to filter."}
2026-04-15 21:29:39 - app_logs.log - INFO - rrrrt7tttttt: Данные успешно получены
2026-04-15 21:30:13 - app_logs.log - ERROR - rrrrt7tttttt: Ошибка: 401, {"title":"Unauthorized","type":"https://httpstatus.es/401","status":401,"detail":"Неверный логин или пароль"}
2026-04-15 21:30:22 - app_logs.log - INFO - rrrrt7tttttt: Данные успешно получены
2026-04-18 16:35:27 - app_logs.log - ERROR - rrrrt7tttttt: Ошибка: 401, {"title":"Unauthorized","type":"https://httpstatus.es/401","status":401,"detail":"Неверный логин или пароль"}
2026-04-18 16:36:22 - app_logs.log - INFO - rrrrt7tttttt: Данные успешно получены
2026-04-18 16:36:40 - app_logs.log - ERROR - rrrrt7tttttt: Ошибка: 400, {"errors":{"key":"type","value":"eyJ0eXAiOiJKV1QiLCJhbGciOiJSUzI1NiIsImp0aSI6ImY4YzRjZjQwYzU5OTY2ZGFmNGQ1NjYyZTJiNDVjOWRiZWU2MDA1NWY5ZWU2NWM2N2U4MzkyNWVkNDY0YjY3MDljNTJiZTgyYTdkOWQzNjVjIn0.eyJhdWQiOiI3YjQ5MGYxOC0yYmU1LTRhNTUtYTc0ZS0xOTYzYzk2NDFiOTgiLCJqdGkiOiJmOGM0Y2Y0MGM1OTk2NmRhZjRkNTY2MmUyYjQ1YzlkYmVlNjAwNTVmOWVlNjVjNjdlODM5MjVlZDQ2NGI2NzA5YzUyYmU4MmE3ZDlkMzY1YyIsImlhdCI6MTc3NjUxOTM1MiwibmJmIjoxNzc2NTE5MzUyLCJleHAiOjE3NzY1MjE3NTIsInN1YiI6IjEzNjczODcwIiwiZ3JhbnRfdHlwZSI6IiIsImFjY291bnRfaWQiOjAsImJhc2VfZG9tYWluIjpudWxsLCJ2ZXJzaW9uIjoxLCJzY29wZXMiOlsiY2hhdHMiLCJjcm0iLCJtYWlsIiwibm90aWZpY2F0aW9ucyIsInVuc29ydGVkIl0sImhhc2hfdXVpZCI6ImNhMTQ3MDI4LTIwMDMtNGQ2OC1hMjQ0LTdmNzlmYzIwY2RlNiIsInVzZXJfZmxhZ3MiOjB9.c9LSqhNGKvQkpQGGddxbw1fElWfp9TD60meD-ReKogs0wYb5flhebjU8Xjv5ErJMpTti_PvztzNc4Rrwxb0VY6htrIwggSc4yvJOiaXjCYo-kWQLKYJzDdykCKSiIzu0Y8cBWoEFhDtZpv9Vw904vPb3cSZYLlVB0QxmZuhqj8Z4jRnlHIY7kFMa7g10cS70-qQVC2HPfyrq3RmQO61_gTERnbjfT9GoGKPVrg9MguH07AONxRHsHwPVa1FTDrX8Y06NqMuWFxJQ0tQH08hIKyFhyBXQRwt2CHxONPpMhNrBqKeocZZGNRIEVlndTSEVEC2qsRzZtphsv5a3sRf0UA"},"title":"Bad Request","type":"https://httpstatus.es/400","status":400,"detail":"Invalid params passed to filter."}
2026-04-18 16:36:45 - app_logs.log - INFO - rrrrt7tttttt: Данные успешно получены
2026-04-18 16:37:20 - app_logs.log - INFO - rrrrt7tttttt: Данные успешно получены
2026-04-18 16:41:29 - app_logs.log - INFO - account2222: Данные успешно получены
2026-04-18 17:16:50 - app_logs.log - ERROR - account2222: Ошибка: 401, {"title":"Unauthorized","type":"https://httpstatus.es/401","status":401,"detail":"Неверный логин или пароль"}
2026-04-19 19:32:26 - app_logs.log - ERROR - account2222: Ошибка: 401, {"title":"Unauthorized","type":"https://httpstatus.es/401","status":401,"detail":"Неверный логин или пароль"}
2026-04-19 19:48:23 - app_logs.log - ERROR - rrrrt7tttttt: Ошибка: 400, {"errors":{"key":"type","value":"1"},"title":"Bad Request","type":"https://httpstatus.es/400","status":400,"detail":"Invalid params passed to filter."}
2026-04-19 19:48:34 - app_logs.log - ERROR - rrrrt7tttttt: Ошибка: 400, {"errors":{"key":"type","value":"4"},"title":"Bad Request","type":"https://httpstatus.es/400","status":400,"detail":"Invalid params passed to filter."}
2026-04-19 19:53:30 - app_logs.log - INFO - rrrrt7tttttt: Данные успешно получены
2026-04-19 19:53:33 - app_logs.log - INFO - rrrrt7tttttt: Данные успешно получены
2026-04-19 19:54:46 - app_logs.log - INFO - rrrrt7tttttt: Данные успешно получены
2026-04-19 19:54:49 - app_logs.log - INFO - rrrrt7tttttt: Данные успешно получены
2026-04-19 19:55:14 - app_logs.log - INFO - rrrrt7tttttt: Данные успешно получены
2026-04-19 19:55:55 - app_logs.log - ERROR - rrrrt7tttttt: Ошибка: 400, {"errors":{"key":"type","value":"<Event> 4 entity_tag_deleted Теги убраны"},"title":"Bad Request","type":"https://httpstatus.es/400","status":400,"detail":"Invalid params passed to filter."}
2026-04-19 19:55:59 - app_logs.log - ERROR - rrrrt7tttttt: Ошибка: 400, {"errors":{"key":"type","value":"<Event> 2 lead_status_changed Изменение этапа продажи"},"title":"Bad Request","type":"https://httpstatus.es/400","status":400,"detail":"Invalid params passed to filter."}
2026-04-19 19:56:04 - app_logs.log - ERROR - rrrrt7tttttt: Ошибка: 400, {"errors":{"key":"type","value":"<Event> 2 lead_status_changed Изменение этапа продажи"},"title":"Bad Request","type":"https://httpstatus.es/400","status":400,"detail":"Invalid params passed to filter."}
2026-04-19 20:04:50 - app_logs.log - ERROR - account2222: Ошибка: 400, {"errors":{"key":"type","value":"<Event> 5 sale_field_changed Изменение поля “Бюджет”"},"title":"Bad Request","type":"https://httpstatus.es/400","status":400,"detail":"Invalid params passed to filter."}
2026-04-19 20:04:55 - app_logs.log - ERROR - account2222: Ошибка: 400, {"errors":{"key":"type","value":"<Event> 6 name_field_changed Изменение поля “Название”"},"title":"Bad Request","type":"https://httpstatus.es/400","status":400,"detail":"Invalid params passed to filter."}
2026-04-19 20:05:22 - app_logs.log - INFO - account2222: Данные успешно получены
2026-04-19 20:05:27 - app_logs.log - INFO - account2222: Данные успешно получены
2026-04-19 20:05:31 - app_logs.log - INFO - account2222: Данные успешно получены
2026-04-19 20:05:35 - app_logs.log - ERROR - account2222: Ошибка: 204, None
2026-04-19 20:08:57 - app_logs.log - ERROR - rrrrt7tttttt: Ошибка: 204, None
2026-04-19 20:09:02 - app_logs.log - INFO - rrrrt7tttttt: Данные успешно получены
2026-04-19 20:09:07 - app_logs.log - INFO - rrrrt7tttttt: Данные успешно получены
2026-04-19 20:09:13 - app_logs.log - ERROR - rrrrt7tttttt: Ошибка: 204, None
2026-04-19 20:11:41 - app_logs.log - INFO - rrrrt7tttttt: Данные успешно получены
2026-04-19 20:11:50 - app_logs.log - INFO - rrrrt7tttttt: Данные успешно получены
2026-04-19 20:11:54 - app_logs.log - ERROR - rrrrt7tttttt: Ошибка: 204, None
2026-04-19 20:11:57 - app_logs.log - INFO - rrrrt7tttttt: Данные успешно получены
2026-04-19 20:12:03 - app_logs.log - INFO - rrrrt7tttttt: Данные успешно получены
2026-04-19 20:14:49 - app_logs.log - INFO - rrrrt7tttttt: Данные успешно получены
2026-04-19 20:14:53 - app_logs.log - INFO - rrrrt7tttttt: Данные успешно получены
2026-04-19 20:14:57 - app_logs.log - INFO - rrrrt7tttttt: Данные успешно получены
2026-04-19 20:15:02 - app_logs.log - ERROR - rrrrt7tttttt: Ошибка: 204, None
2026-04-19 20:15:06 - app_logs.log - INFO - rrrrt7tttttt: Данные успешно получены
2026-04-19 20:15:09 - app_logs.log - INFO - rrrrt7tttttt: Данные успешно получены
2026-04-19 20:47:44 - app_logs.log - ERROR - account2222: Ошибка: 401, {"title":"Unauthorized","type":"https://httpstatus.es/401","status":401,"detail":"Неверный логин или пароль"}
2026-04-19 20:49:01 - app_logs.log - ERROR - account2222: Ошибка: 401, {"title":"Unauthorized","type":"https://httpstatus.es/401","status":401,"detail":"Неверный логин или пароль"}
2026-04-19 20:49:31 - app_logs.log - ERROR - account2222: Ошибка: 401, {"title":"Unauthorized","type":"https://httpstatus.es/401","status":401,"detail":"Неверный логин или пароль"}
2026-04-19 20:51:36 - app_logs.log - ERROR - account2222: Ошибка: 401, {"title":"Unauthorized","type":"https://httpstatus.es/401","status":401,"detail":"Неверный логин или пароль"}
2026-04-19 20:51:37 - app_logs.log - ERROR - account2222: Ошибка: 401, {"title":"Unauthorized","type":"https://httpstatus.es/401","status":401,"detail":"Неверный логин или пароль"}
2026-04-19 20:51:40 - app_logs.log - ERROR - account2222: Ошибка: 401, {"title":"Unauthorized","type":"https://httpstatus.es/401","status":401,"detail":"Неверный логин или пароль"}
2026-04-19 20:51:45 - app_logs.log - ERROR - account2222: Ошибка: 401, {"title":"Unauthorized","type":"https://httpstatus.es/401","status":401,"detail":"Неверный логин или пароль"}
2026-04-19 20:52:36 - app_logs.log - ERROR - account2222: Ошибка: 204, None
2026-04-19 20:52:38 - app_logs.log - ERROR - account2222: Ошибка: 204, None
2026-04-19 20:52:41 - app_logs.log - ERROR - account2222: Ошибка: 204, None
2026-04-19 20:52:50 - app_logs.log - INFO - rrrrt7tttttt: Данные успешно получены
2026-04-19 20:54:03 - app_logs.log - INFO - rrrrt7tttttt: Данные успешно получены
2026-04-19 20:58:55 - app_logs.log - INFO - rrrrt7tttttt: Данные успешно получены
2026-04-19 20:59:37 - app_logs.log - INFO - rrrrt7tttttt: Данные успешно получены
2026-04-19 21:01:40 - app_logs.log - INFO - rrrrt7tttttt: Данные успешно получены
2026-04-19 21:08:08 - app_logs.log - INFO - rrrrt7tttttt: Данные успешно получены
2026-04-19 21:11:15 - app_logs.log - INFO - rrrrt7tttttt: Данные успешно получены
2026-04-19 21:13:22 - app_logs.log - INFO - rrrrt7tttttt: Данные успешно получены
2026-04-19 21:16:19 - app_logs.log - INFO - rrrrt7tttttt: Данные успешно получены
2026-04-19 21:16:53 - app_logs.log - INFO - rrrrt7tttttt: Данные успешно получены
2026-04-19 21:17:23 - app_logs.log - INFO - rrrrt7tttttt: Данные успешно получены
2026-04-19 21:20:31 - app_logs.log - INFO - rrrrt7tttttt: Данные успешно получены
2026-04-19 21:24:45 - app_logs.log - INFO - rrrrt7tttttt: Данные успешно получены
2026-04-19 21:24:47 - app_logs.log - INFO - rrrrt7tttttt: Данные успешно получены
2026-04-19 21:24:49 - app_logs.log - INFO - rrrrt7tttttt: Данные успешно получены
2026-04-19 21:25:21 - app_logs.log - INFO - rrrrt7tttttt: Данные успешно получены
2026-04-19 21:25:34 - app_logs.log - INFO - rrrrt7tttttt: Данные успешно получены
2026-04-19 21:25:50 - app_logs.log - INFO - rrrrt7tttttt: Данные успешно получены
2026-04-19 21:26:12 - app_logs.log - INFO - rrrrt7tttttt: Данные успешно получены
2026-04-19 21:26:32 - app_logs.log - INFO - rrrrt7tttttt: Данные успешно получены
2026-04-19 21:26:42 - app_logs.log - INFO - rrrrt7tttttt: Данные успешно получены
2026-04-19 21:32:28 - app_logs.log - ERROR - rrrrt7tttttt: Ошибка: 401, {"title":"Unauthorized","type":"https://httpstatus.es/401","status":401,"detail":"Неверный логин или пароль"}
2026-04-19 21:33:04 - app_logs.log - ERROR - account2222: Ошибка: 204, None
2026-04-19 21:33:12 - app_logs.log - INFO - rrrrt7tttttt: Данные успешно получены
2026-04-19 21:33:17 - app_logs.log - INFO - rrrrt7tttttt: Данные успешно получены
2026-04-19 21:33:37 - app_logs.log - INFO - rrrrt7tttttt: Данные успешно получены
2026-04-19 21:33:46 - app_logs.log - INFO - rrrrt7tttttt: Данные успешно получены
2026-04-19 21:33:58 - app_logs.log - INFO - rrrrt7tttttt: Данные успешно получены
2026-04-19 21:34:08 - app_logs.log - INFO - rrrrt7tttttt: Данные успешно получены
2026-04-19 21:34:17 - app_logs.log - INFO - rrrrt7tttttt: Данные успешно получены
2026-04-19 21:34:28 - app_logs.log - INFO - rrrrt7tttttt: Данные успешно получены
2026-04-19 21:34:39 - app_logs.log - INFO - rrrrt7tttttt: Данные успешно получены
2026-04-19 21:38:55 - app_logs.log - INFO - rrrrt7tttttt: Данные успешно получены
2026-04-19 21:39:00 - app_logs.log - INFO - rrrrt7tttttt: Данные успешно получены
2026-04-19 21:39:16 - app_logs.log - INFO - rrrrt7tttttt: Данные успешно получены
2026-04-19 21:39:26 - app_logs.log - INFO - rrrrt7tttttt: Данные успешно получены
2026-04-19 21:39:38 - app_logs.log - INFO - rrrrt7tttttt: Данные успешно получены
2026-04-19 21:43:25 - app_logs.log - INFO - rrrrt7tttttt: Данные успешно получены
2026-04-20 15:23:27 - app_logs.log - ERROR - rrrrt7tttttt: Ошибка: 401, {"title":"Unauthorized","type":"https://httpstatus.es/401","status":401,"detail":"Неверный логин или пароль"}
2026-04-20 15:24:57 - app_logs.log - ERROR - rrrrt7tttttt: Ошибка: 401, {"title":"Unauthorized","type":"https://httpstatus.es/401","status":401,"detail":"Неверный логин или пароль"}
2026-04-20 15:26:36 - app_logs.log - ERROR - rrrrt7tttttt: Ошибка: 401, {"title":"Unauthorized","type":"https://httpstatus.es/401","status":401,"detail":"Неверный логин или пароль"}
2026-04-20 15:27:41 - app_logs.log - ERROR - rrrrt7tttttt: Ошибка: 401, {"title":"Unauthorized","type":"https://httpstatus.es/401","status":401,"detail":"Неверный логин или пароль"}
2026-04-20 15:30:06 - app_logs.log - INFO - rrrrt7tttttt: Данные успешно получены
2026-04-20 15:30:28 - app_logs.log - ERROR - rrrrt7tttttt: Ошибка: 204, None
2026-04-20 15:30:32 - app_logs.log - INFO - rrrrt7tttttt: Данные успешно получены
2026-04-20 15:30:47 - app_logs.log - INFO - rrrrt7tttttt: Данные успешно получены
2026-04-20 15:30:50 - app_logs.log - INFO - rrrrt7tttttt: Данные успешно получены
2026-04-20 15:30:53 - app_logs.log - INFO - rrrrt7tttttt: Данные успешно получены
2026-04-20 15:30:56 - app_logs.log - INFO - rrrrt7tttttt: Данные успешно получены
2026-04-20 15:30:59 - app_logs.log - INFO - rrrrt7tttttt: Данные успешно получены
2026-04-20 15:31:02 - app_logs.log - INFO - rrrrt7tttttt: Данные успешно получены
2026-04-20 15:31:04 - app_logs.log - ERROR - rrrrt7tttttt: Ошибка: 204, None
2026-04-20 15:31:07 - app_logs.log - INFO - rrrrt7tttttt: Данные успешно получены
2026-04-20 15:31:10 - app_logs.log - INFO - rrrrt7tttttt: Данные успешно получены
2026-04-20 15:31:13 - app_logs.log - INFO - rrrrt7tttttt: Данные успешно получены
2026-04-20 15:31:17 - app_logs.log - ERROR - rrrrt7tttttt: Ошибка: 204, None
2026-04-20 15:31:20 - app_logs.log - INFO - rrrrt7tttttt: Данные успешно получены
2026-04-20 15:31:22 - app_logs.log - INFO - rrrrt7tttttt: Данные успешно получены
2026-04-20 15:37:23 - app_logs.log - INFO - rrrrt7tttttt: Данные успешно получены
2026-04-20 15:37:50 - app_logs.log - INFO - rrrrt7tttttt: Данные успешно получены
2026-04-20 15:37:52 - app_logs.log - INFO - rrrrt7tttttt: Данные успешно получены
2026-04-20 15:37:52 - app_logs.log - INFO - rrrrt7tttttt: Данные успешно получены
2026-04-20 15:37:52 - app_logs.log - INFO - rrrrt7tttttt: Данные успешно получены
2026-04-20 15:39:16 - app_logs.log - INFO - rrrrt7tttttt: Данные успешно получены
2026-04-20 15:40:49 - app_logs.log - INFO - rrrrt7tttttt: Данные успешно получены
2026-04-20 15:42:46 - app_logs.log - INFO - rrrrt7tttttt: Данные успешно получены
2026-04-20 15:42:50 - app_logs.log - INFO - rrrrt7tttttt: Данные успешно получены
2026-04-20 15:47:36 - app_logs.log - INFO - rrrrt7tttttt: Данные успешно получены
2026-04-20 15:47:39 - app_logs.log - INFO - rrrrt7tttttt: Данные успешно получены
2026-04-20 15:47:42 - app_logs.log - INFO - rrrrt7tttttt: Данные успешно получены
2026-04-20 15:54:11 - app_logs.log - INFO - account2222: Данные успешно получены
2026-04-20 15:54:13 - app_logs.log - INFO - account2222: Данные успешно получены
2026-04-20 15:54:16 - app_logs.log - INFO - account2222: Данные успешно получены
2026-04-20 15:54:19 - app_logs.log - INFO - account2222: Данные успешно получены
2026-04-20 15:54:22 - app_logs.log - ERROR - account2222: Ошибка: 204, None
2026-04-20 15:54:24 - app_logs.log - INFO - account2222: Данные успешно получены
2026-04-20 15:54:27 - app_logs.log - ERROR - account2222: Ошибка: 204, None
2026-04-20 15:54:33 - app_logs.log - INFO - rrrrt7tttttt: Данные успешно получены
2026-04-20 15:55:17 - app_logs.log - ERROR - account2222: Ошибка: 401, {"title":"Unauthorized","type":"https://httpstatus.es/401","status":401,"detail":"Неверный логин или пароль"}
2026-04-20 15:57:00 - app_logs.log - ERROR - 123123123123: Ошибка: 402, None
